Archive member included to satisfy reference by file (symbol)

C:\Users\Arvi\Documents\MCUXpressoIDE_10.1.1_606\workspace\lpc_board_nxp_lpcxpresso_1549\Debug\liblpc_board_nxp_lpcxpresso_1549.a(board.o)
                              ./src/Blank.o (Board_LED_Set)
C:\Users\Arvi\Documents\MCUXpressoIDE_10.1.1_606\workspace\lpc_board_nxp_lpcxpresso_1549\Debug\liblpc_board_nxp_lpcxpresso_1549.a(board_sysinit.o)
                              ./src/sysinit.o (Board_SystemInit)
C:\Users\Arvi\Documents\MCUXpressoIDE_10.1.1_606\workspace\lpc_chip_15xx\Debug\liblpc_chip_15xx.a(chip_15xx.o)
                              ./src/Blank.o (SystemCoreClockUpdate)
C:\Users\Arvi\Documents\MCUXpressoIDE_10.1.1_606\workspace\lpc_chip_15xx\Debug\liblpc_chip_15xx.a(clock_15xx.o)
                              C:\Users\Arvi\Documents\MCUXpressoIDE_10.1.1_606\workspace\lpc_board_nxp_lpcxpresso_1549\Debug\liblpc_board_nxp_lpcxpresso_1549.a(board.o) (Chip_Clock_GetMainClockRate)
C:\Users\Arvi\Documents\MCUXpressoIDE_10.1.1_606\workspace\lpc_chip_15xx\Debug\liblpc_chip_15xx.a(gpio_15xx.o)
                              C:\Users\Arvi\Documents\MCUXpressoIDE_10.1.1_606\workspace\lpc_board_nxp_lpcxpresso_1549\Debug\liblpc_board_nxp_lpcxpresso_1549.a(board.o) (Chip_GPIO_Init)
C:\Users\Arvi\Documents\MCUXpressoIDE_10.1.1_606\workspace\lpc_chip_15xx\Debug\liblpc_chip_15xx.a(iocon_15xx.o)
                              C:\Users\Arvi\Documents\MCUXpressoIDE_10.1.1_606\workspace\lpc_board_nxp_lpcxpresso_1549\Debug\liblpc_board_nxp_lpcxpresso_1549.a(board_sysinit.o) (Chip_IOCON_SetPinMuxing)
C:\Users\Arvi\Documents\MCUXpressoIDE_10.1.1_606\workspace\lpc_chip_15xx\Debug\liblpc_chip_15xx.a(swm_15xx.o)
                              C:\Users\Arvi\Documents\MCUXpressoIDE_10.1.1_606\workspace\lpc_board_nxp_lpcxpresso_1549\Debug\liblpc_board_nxp_lpcxpresso_1549.a(board.o) (Chip_SWM_MovablePinAssign)
C:\Users\Arvi\Documents\MCUXpressoIDE_10.1.1_606\workspace\lpc_chip_15xx\Debug\liblpc_chip_15xx.a(sysctl_15xx.o)
                              C:\Users\Arvi\Documents\MCUXpressoIDE_10.1.1_606\workspace\lpc_board_nxp_lpcxpresso_1549\Debug\liblpc_board_nxp_lpcxpresso_1549.a(board_sysinit.o) (Chip_SYSCTL_AssertPeriphReset)
C:\Users\Arvi\Documents\MCUXpressoIDE_10.1.1_606\workspace\lpc_chip_15xx\Debug\liblpc_chip_15xx.a(sysinit_15xx.o)
                              C:\Users\Arvi\Documents\MCUXpressoIDE_10.1.1_606\workspace\lpc_board_nxp_lpcxpresso_1549\Debug\liblpc_board_nxp_lpcxpresso_1549.a(board_sysinit.o) (Chip_SetupXtalClocking)
C:\Users\Arvi\Documents\MCUXpressoIDE_10.1.1_606\workspace\lpc_chip_15xx\Debug\liblpc_chip_15xx.a(uart_15xx.o)
                              C:\Users\Arvi\Documents\MCUXpressoIDE_10.1.1_606\workspace\lpc_board_nxp_lpcxpresso_1549\Debug\liblpc_board_nxp_lpcxpresso_1549.a(board.o) (Chip_UART_Init)
C:\Users\Arvi\Documents\MCUXpressoIDE_10.1.1_606\workspace\lpc_chip_15xx\Debug\liblpc_chip_15xx.a(ring_buffer.o)
                              C:\Users\Arvi\Documents\MCUXpressoIDE_10.1.1_606\workspace\lpc_chip_15xx\Debug\liblpc_chip_15xx.a(uart_15xx.o) (RingBuffer_Insert)
c:/nxp/mcuxpressoide_10.1.1_606/ide/tools/bin/../lib/gcc/arm-none-eabi/6.3.1/thumb/v7-m\libgcc.a(_aeabi_uldivmod.o)
                              C:\Users\Arvi\Documents\MCUXpressoIDE_10.1.1_606\workspace\lpc_chip_15xx\Debug\liblpc_chip_15xx.a(clock_15xx.o) (__aeabi_uldivmod)
c:/nxp/mcuxpressoide_10.1.1_606/ide/tools/bin/../lib/gcc/arm-none-eabi/6.3.1/thumb/v7-m\libgcc.a(_udivmoddi4.o)
                              c:/nxp/mcuxpressoide_10.1.1_606/ide/tools/bin/../lib/gcc/arm-none-eabi/6.3.1/thumb/v7-m\libgcc.a(_aeabi_uldivmod.o) (__udivmoddi4)
c:/nxp/mcuxpressoide_10.1.1_606/ide/tools/bin/../lib/gcc/arm-none-eabi/6.3.1/thumb/v7-m\libgcc.a(_dvmd_tls.o)
                              c:/nxp/mcuxpressoide_10.1.1_606/ide/tools/bin/../lib/gcc/arm-none-eabi/6.3.1/thumb/v7-m\libgcc.a(_aeabi_uldivmod.o) (__aeabi_ldiv0)
c:/nxp/mcuxpressoide_10.1.1_606/ide/tools/bin/../lib/gcc/arm-none-eabi/6.3.1/../../../../arm-none-eabi/lib/thumb/v7-m\libc.a(lib_a-init.o)
                              ./src/cr_startup_lpc15xx.o (__libc_init_array)
c:/nxp/mcuxpressoide_10.1.1_606/ide/tools/bin/../lib/gcc/arm-none-eabi/6.3.1/../../../../arm-none-eabi/lib/thumb/v7-m\libc.a(lib_a-malloc.o)
                              ./src/cr_cpp_config.o (malloc)
c:/nxp/mcuxpressoide_10.1.1_606/ide/tools/bin/../lib/gcc/arm-none-eabi/6.3.1/../../../../arm-none-eabi/lib/thumb/v7-m\libc.a(lib_a-mallocr.o)
                              c:/nxp/mcuxpressoide_10.1.1_606/ide/tools/bin/../lib/gcc/arm-none-eabi/6.3.1/../../../../arm-none-eabi/lib/thumb/v7-m\libc.a(lib_a-malloc.o) (_malloc_r)
c:/nxp/mcuxpressoide_10.1.1_606/ide/tools/bin/../lib/gcc/arm-none-eabi/6.3.1/../../../../arm-none-eabi/lib/thumb/v7-m\libc.a(lib_a-memcpy.o)
                              C:\Users\Arvi\Documents\MCUXpressoIDE_10.1.1_606\workspace\lpc_chip_15xx\Debug\liblpc_chip_15xx.a(ring_buffer.o) (memcpy)
[...]
Memory Configuration

Name             Origin             Length             Attributes
MFlash256        0x00000000         0x00040000         xr
Ram0_16_32       0x02000000         0x00008000         xrw
Ram2_4           0x02008000         0x00001000         xrw
*default*        0x00000000         0xffffffff

Linker script and memory map

LOAD ./src/Blank.o
LOAD ./src/cr_cpp_config.o
LOAD ./src/cr_startup_lpc15xx.o
LOAD ./src/crp.o
LOAD ./src/sysinit.o
LOAD C:\Users\Arvi\Documents\MCUXpressoIDE_10.1.1_606\workspace\lpc_board_nxp_lpcxpresso_1549\Debug\liblpc_board_nxp_lpcxpresso_1549.a
LOAD C:\Users\Arvi\Documents\MCUXpressoIDE_10.1.1_606\workspace\lpc_chip_15xx\Debug\liblpc_chip_15xx.a
START GROUP
LOAD c:/nxp/mcuxpressoide_10.1.1_606/ide/tools/bin/../lib/gcc/arm-none-eabi/6.3.1/thumb/v7-m\libgcc.a
LOAD c:/nxp/mcuxpressoide_10.1.1_606/ide/tools/bin/../lib/gcc/arm-none-eabi/6.3.1/../../../../arm-none-eabi/lib/thumb/v7-m\libc.a
LOAD c:/nxp/mcuxpressoide_10.1.1_606/ide/tools/bin/../lib/gcc/arm-none-eabi/6.3.1/../../../../arm-none-eabi/lib/thumb/v7-m\libstdc++.a
LOAD c:/nxp/mcuxpressoide_10.1.1_606/ide/tools/bin/../lib/gcc/arm-none-eabi/6.3.1/../../../../arm-none-eabi/lib/thumb/v7-m\libm.a
LOAD c:/nxp/mcuxpressoide_10.1.1_606/ide/tools/bin/../lib/gcc/arm-none-eabi/6.3.1/../../../../arm-none-eabi/lib/thumb/v7-m\libcr_newlib_nohost.a
LOAD c:/nxp/mcuxpressoide_10.1.1_606/ide/tools/bin/../lib/gcc/arm-none-eabi/6.3.1/thumb/v7-m\crti.o
LOAD c:/nxp/mcuxpressoide_10.1.1_606/ide/tools/bin/../lib/gcc/arm-none-eabi/6.3.1/thumb/v7-m\crtn.o
LOAD c:/nxp/mcuxpressoide_10.1.1_606/ide/tools/bin/../lib/gcc/arm-none-eabi/6.3.1/thumb/v7-m\crtbegin.o
LOAD c:/nxp/mcuxpressoide_10.1.1_606/ide/tools/bin/../lib/gcc/arm-none-eabi/6.3.1/thumb/v7-m\crtend.o
END GROUP
                0x00000000                __base_MFlash256 = 0x0
                0x00000000                __base_Flash = 0x0
                0x00040000                __top_MFlash256 = 0x40000
                0x00040000                __top_Flash = 0x40000
                0x02000000                __base_Ram0_16_32 = 0x2000000
                0x02000000                __base_RAM = 0x2000000
                0x02008000                __top_Ram0_16_32 = 0x2008000
                0x02008000                __top_RAM = 0x2008000
                0x02008000                __base_Ram2_4 = 0x2008000
                0x02008000                __base_RAM2 = 0x2008000
                0x02009000                __top_Ram2_4 = 0x2009000
                0x02009000                __top_RAM2 = 0x2009000

.text           0x00000000     0x13c8
 FILL mask 0xff
                0x00000000                __vectors_start__ = ABSOLUTE (.)
 *(.isr_vector)
 .isr_vector    0x00000000       0xfc ./src/cr_startup_lpc15xx.o
                0x00000000                g_pfnVectors
                0x000000fc                . = ALIGN (0x4)
                0x000000fc                __section_table_start = .
                0x000000fc                __data_section_table = .
                0x000000fc        0x4 LONG 0x13d0 LOADADDR (.data)
                0x00000100        0x4 LONG 0x2000000 ADDR (.data)
                0x00000104        0x4 LONG 0x0 SIZEOF (.data)
                0x00000108        0x4 LONG 0x13d0 LOADADDR (.data_RAM2)
                0x0000010c        0x4 LONG 0x2008000 ADDR (.data_RAM2)
                0x00000110        0x4 LONG 0x0 SIZEOF (.data_RAM2)
                0x00000114                __data_section_table_end = .
                0x00000114                __bss_section_table = .
                0x00000114        0x4 LONG 0x2000000 ADDR (.bss)
                0x00000118        0x4 LONG 0x24 SIZEOF (.bss)
                0x0000011c        0x4 LONG 0x2008000 ADDR (.bss_RAM2)
                0x00000120        0x4 LONG 0x0 SIZEOF (.bss_RAM2)
                0x00000124                __bss_section_table_end = .
                0x00000124                __section_table_end = .
 *(.after_vectors*)
 .after_vectors
                0x00000124      0x140 ./src/cr_startup_lpc15xx.o
                0x00000124                data_init(unsigned int, unsigned int, unsigned int)
                0x00000166                bss_init(unsigned int, unsigned int)
                0x0000019c                ResetISR
                0x00000228                NMI_Handler
                0x0000022e                HardFault_Handler
                0x00000234                MemManage_Handler
                0x0000023a                BusFault_Handler
                0x00000240                UsageFault_Handler
                0x00000246                SVC_Handler
                0x0000024c                DebugMon_Handler
                0x00000252                PendSV_Handler
                0x00000258                SysTick_Handler
                0x0000025e                UART1_IRQHandler
                0x0000025e                RTC_WAKE_IRQHandler
                0x0000025e                UART0_IRQHandler
                0x0000025e                MRT_IRQHandler
                0x0000025e                SPI1_IRQHandler
                0x0000025e                PIN_INT6_IRQHandler
                0x0000025e                IntDefaultHandler
                0x0000025e                PIN_INT4_IRQHandler
                0x0000025e                CAN_IRQHandler
                0x0000025e                RTC_ALARM_IRQHandler
                0x0000025e                ADC1B_IRQHandler
                0x0000025e                ADC1_OVR_IRQHandler
                0x0000025e                ADC1_THCMP_IRQHandler
                0x0000025e                ADC0_OVR_IRQHandler
                0x0000025e                PIN_INT5_IRQHandler
                0x0000025e                SCT1_IRQHandler
                0x0000025e                PIN_INT2_IRQHandler
                0x0000025e                USB_FIQHandler
                0x0000025e                SCT3_IRQHandler
                0x0000025e                PIN_INT7_IRQHandler
                0x0000025e                I2C0_IRQHandler
                0x0000025e                PIN_INT1_IRQHandler
                0x0000025e                USB_IRQHandler
                0x0000025e                BOD_IRQHandler
                0x0000025e                ADC0B_IRQHandler
                0x0000025e                ACMP0_IRQHandler
                0x0000025e                RIT_IRQHandler
                0x0000025e                SCT2_IRQHandler
                0x0000025e                WDT_IRQHandler
                0x0000025e                USBWakeup_IRQHandler
                0x0000025e                PIN_INT0_IRQHandler
                0x0000025e                QEI_IRQHandler
                0x0000025e                ACMP3_IRQHandler
                0x0000025e                GINT0_IRQHandler
                0x0000025e                DAC_IRQHandler
                0x0000025e                SPI0_IRQHandler
                0x0000025e                EEPROM_IRQHandler
                0x0000025e                ACMP2_IRQHandler
                0x0000025e                UART2_IRQHandler
                0x0000025e                ADC1A_IRQHandler
                0x0000025e                DMA_IRQHandler
                0x0000025e                PIN_INT3_IRQHandler
                0x0000025e                ACMP1_IRQHandler
                0x0000025e                SCT0_IRQHandler
                0x0000025e                ADC0A_IRQHandler
                0x0000025e                FMC_IRQHandler
                0x0000025e                GINT1_IRQHandler
                0x0000025e                ADC0_THCMP_IRQHandler
 *(.text*)
 .text.main     0x00000264       0x24 ./src/Blank.o
                0x00000264                main
 .text.SystemInit
                0x00000288        0xc ./src/sysinit.o
                0x00000288                SystemInit
 .text.Chip_IOCON_PinMuxSet
                0x00000294       0x2c C:\Users\Arvi\Documents\MCUXpressoIDE_10.1.1_606\workspace\lpc_board_nxp_lpcxpresso_1549\Debug\liblpc_board_nxp_lpcxpresso_1549.a(board.o)
 .text.Chip_SWM_MovablePortPinAssign
                0x000002c0       0x30 C:\Users\Arvi\Documents\MCUXpressoIDE_10.1.1_606\workspace\lpc_board_nxp_lpcxpresso_1549\Debug\liblpc_board_nxp_lpcxpresso_1549.a(board.o)
 .text.Chip_GPIO_SetPinState
                0x000002f0       0x36 C:\Users\Arvi\Documents\MCUXpressoIDE_10.1.1_606\workspace\lpc_board_nxp_lpcxpresso_1549\Debug\liblpc_board_nxp_lpcxpresso_1549.a(board.o)
 .text.Chip_GPIO_SetPinDIROutput
                0x00000326       0x3c C:\Users\Arvi\Documents\MCUXpressoIDE_10.1.1_606\workspace\lpc_board_nxp_lpcxpresso_1549\Debug\liblpc_board_nxp_lpcxpresso_1549.a(board.o)
 .text.Chip_UART_Enable
                0x00000362       0x1e C:\Users\Arvi\Documents\MCUXpressoIDE_10.1.1_606\workspace\lpc_board_nxp_lpcxpresso_1549\Debug\liblpc_board_nxp_lpcxpresso_1549.a(board.o)
 .text.Chip_UART_TXEnable
                0x00000380       0x1e C:\Users\Arvi\Documents\MCUXpressoIDE_10.1.1_606\workspace\lpc_board_nxp_lpcxpresso_1549\Debug\liblpc_board_nxp_lpcxpresso_1549.a(board.o)
 .text.Chip_UART_ConfigData
                0x0000039e       0x28 C:\Users\Arvi\Documents\MCUXpressoIDE_10.1.1_606\workspace\lpc_board_nxp_lpcxpresso_1549\Debug\liblpc_board_nxp_lpcxpresso_1549.a(board.o)
 *fill*         0x000003c6        0x2 ff
 .text.Board_Debug_Init
                0x000003c8       0x70 C:\Users\Arvi\Documents\MCUXpressoIDE_10.1.1_606\workspace\lpc_board_nxp_lpcxpresso_1549\Debug\liblpc_board_nxp_lpcxpresso_1549.a(board.o)
                0x000003c8                Board_Debug_Init
 .text.Board_LED_Init
                0x00000438       0x5c C:\Users\Arvi\Documents\MCUXpressoIDE_10.1.1_606\workspace\lpc_board_nxp_lpcxpresso_1549\Debug\liblpc_board_nxp_lpcxpresso_1549.a(board.o)
 .text.Board_LED_Set
                0x00000494       0x54 C:\Users\Arvi\Documents\MCUXpressoIDE_10.1.1_606\workspace\lpc_board_nxp_lpcxpresso_1549\Debug\liblpc_board_nxp_lpcxpresso_1549.a(board.o)
                0x00000494                Board_LED_Set
 .text.Board_Init
                0x000004e8       0x18 C:\Users\Arvi\Documents\MCUXpressoIDE_10.1.1_606\workspace\lpc_board_nxp_lpcxpresso_1549\Debug\liblpc_board_nxp_lpcxpresso_1549.a(board.o)
                0x000004e8                Board_Init
 .text.Chip_SYSCTL_PeriphReset
                0x00000500       0x22 C:\Users\Arvi\Documents\MCUXpressoIDE_10.1.1_606\workspace\lpc_board_nxp_lpcxpresso_1549\Debug\liblpc_board_nxp_lpcxpresso_1549.a(board_sysinit.o)
 *fill*         0x00000522        0x2 ff
 .text.Chip_Clock_SetUSBPLLSource
                0x00000524       0x20 C:\Users\Arvi\Documents\MCUXpressoIDE_10.1.1_606\workspace\lpc_board_nxp_lpcxpresso_1549\Debug\liblpc_board_nxp_lpcxpresso_1549.a(board_sysinit.o)
 .text.Chip_Clock_SetupUSBPLL
                0x00000544       0x34 C:\Users\Arvi\Documents\MCUXpressoIDE_10.1.1_606\workspace\lpc_board_nxp_lpcxpresso_1549\Debug\liblpc_board_nxp_lpcxpresso_1549.a(board_sysinit.o)
 .text.Chip_Clock_IsUSBPLLLocked
                0x00000578       0x24 C:\Users\Arvi\Documents\MCUXpressoIDE_10.1.1_606\workspace\lpc_board_nxp_lpcxpresso_1549\Debug\liblpc_board_nxp_lpcxpresso_1549.a(board_sysinit.o)
 .text.Chip_Clock_SetSysTickClockDiv
                0x0000059c       0x20 C:\Users\Arvi\Documents\MCUXpressoIDE_10.1.1_606\workspace\lpc_board_nxp_lpcxpresso_1549\Debug\liblpc_board_nxp_lpcxpresso_1549.a(board_sysinit.o)
 .text.Chip_SWM_MovablePortPinAssign
                0x000005bc       0x30 C:\Users\Arvi\Documents\MCUXpressoIDE_10.1.1_606\workspace\lpc_board_nxp_lpcxpresso_1549\Debug\liblpc_board_nxp_lpcxpresso_1549.a(board_sysinit.o)
 .text.Board_SetupMuxing
                0x000005ec       0x80 C:\Users\Arvi\Documents\MCUXpressoIDE_10.1.1_606\workspace\lpc_board_nxp_lpcxpresso_1549\Debug\liblpc_board_nxp_lpcxpresso_1549.a(board_sysinit.o)
                0x000005ec                Board_SetupMuxing
 .text.Board_SetupClocking
                0x0000066c       0x3a C:\Users\Arvi\Documents\MCUXpressoIDE_10.1.1_606\workspace\lpc_board_nxp_lpcxpresso_1549\Debug\liblpc_board_nxp_lpcxpresso_1549.a(board_sysinit.o)
                0x0000066c                Board_SetupClocking
 *fill*         0x000006a6        0x2 ff
 .text.Board_SystemInit
                0x000006a8       0x1c C:\Users\Arvi\Documents\MCUXpressoIDE_10.1.1_606\workspace\lpc_board_nxp_lpcxpresso_1549\Debug\liblpc_board_nxp_lpcxpresso_1549.a(board_sysinit.o)
                0x000006a8                Board_SystemInit
 .text.SystemCoreClockUpdate
                0x000006c4       0x18 C:\Users\Arvi\Documents\MCUXpressoIDE_10.1.1_606\workspace\lpc_chip_15xx\Debug\liblpc_chip_15xx.a(chip_15xx.o)
                0x000006c4                SystemCoreClockUpdate
 .text.Chip_Clock_SetMain_A_ClockSource
                0x000006dc       0x20 C:\Users\Arvi\Documents\MCUXpressoIDE_10.1.1_606\workspace\lpc_chip_15xx\Debug\liblpc_chip_15xx.a(clock_15xx.o)
 .text.Chip_Clock_GetMain_A_ClockSource
                0x000006fc       0x18 C:\Users\Arvi\Documents\MCUXpressoIDE_10.1.1_606\workspace\lpc_chip_15xx\Debug\liblpc_chip_15xx.a(clock_15xx.o)
 .text.Chip_Clock_SetMain_B_ClockSource
                0x00000714       0x20 C:\Users\Arvi\Documents\MCUXpressoIDE_10.1.1_606\workspace\lpc_chip_15xx\Debug\liblpc_chip_15xx.a(clock_15xx.o)
 .text.Chip_Clock_GetMain_B_ClockSource
                0x00000734       0x18 C:\Users\Arvi\Documents\MCUXpressoIDE_10.1.1_606\workspace\lpc_chip_15xx\Debug\liblpc_chip_15xx.a(clock_15xx.o)
 .text.Chip_Clock_SetUARTFRGDivider
                0x0000074c       0x20 C:\Users\Arvi\Documents\MCUXpressoIDE_10.1.1_606\workspace\lpc_chip_15xx\Debug\liblpc_chip_15xx.a(clock_15xx.o)
 .text.Chip_Clock_GetUARTFRGDivider
                0x0000076c       0x18 C:\Users\Arvi\Documents\MCUXpressoIDE_10.1.1_606\workspace\lpc_chip_15xx\Debug\liblpc_chip_15xx.a(clock_15xx.o)
 .text.Chip_Clock_GetMainOscRate
                0x00000784       0x14 C:\Users\Arvi\Documents\MCUXpressoIDE_10.1.1_606\workspace\lpc_chip_15xx\Debug\liblpc_chip_15xx.a(clock_15xx.o)
 .text.Chip_Clock_GetIntOscRate
                0x00000798       0x14 C:\Users\Arvi\Documents\MCUXpressoIDE_10.1.1_606\workspace\lpc_chip_15xx\Debug\liblpc_chip_15xx.a(clock_15xx.o)
 .text.Chip_Clock_GetRTCOscRate
                0x000007ac       0x14 C:\Users\Arvi\Documents\MCUXpressoIDE_10.1.1_606\workspace\lpc_chip_15xx\Debug\liblpc_chip_15xx.a(clock_15xx.o)
 .text.Chip_Clock_GetWDTOSCRate
                0x000007c0       0x14 C:\Users\Arvi\Documents\MCUXpressoIDE_10.1.1_606\workspace\lpc_chip_15xx\Debug\liblpc_chip_15xx.a(clock_15xx.o)
 .text.Chip_Clock_GetPLLFreq
                0x000007d4       0x26 C:\Users\Arvi\Documents\MCUXpressoIDE_10.1.1_606\workspace\lpc_chip_15xx\Debug\liblpc_chip_15xx.a(clock_15xx.o)
 .text.Chip_Clock_GetPLLInClockRate
                0x000007fa       0x38 C:\Users\Arvi\Documents\MCUXpressoIDE_10.1.1_606\workspace\lpc_chip_15xx\Debug\liblpc_chip_15xx.a(clock_15xx.o)
 *fill*         0x00000832        0x2 ff
 .text.Chip_Clock_GetSystemPLLInClockRate
                0x00000834       0x1c C:\Users\Arvi\Documents\MCUXpressoIDE_10.1.1_606\workspace\lpc_chip_15xx\Debug\liblpc_chip_15xx.a(clock_15xx.o)
                0x00000834                Chip_Clock_GetSystemPLLInClockRate
 .text.Chip_Clock_GetSystemPLLOutClockRate
                0x00000850       0x24 C:\Users\Arvi\Documents\MCUXpressoIDE_10.1.1_606\workspace\lpc_chip_15xx\Debug\liblpc_chip_15xx.a(clock_15xx.o)
                0x00000850                Chip_Clock_GetSystemPLLOutClockRate
 .text.Chip_Clock_GetMain_A_ClockRate
                0x00000874       0x44 C:\Users\Arvi\Documents\MCUXpressoIDE_10.1.1_606\workspace\lpc_chip_15xx\Debug\liblpc_chip_15xx.a(clock_15xx.o)
                0x00000874                Chip_Clock_GetMain_A_ClockRate
 .text.Chip_Clock_GetMain_B_ClockRate
                0x000008b8       0x58 C:\Users\Arvi\Documents\MCUXpressoIDE_10.1.1_606\workspace\lpc_chip_15xx\Debug\liblpc_chip_15xx.a(clock_15xx.o)
                0x000008b8                Chip_Clock_GetMain_B_ClockRate
 .text.Chip_Clock_SetMainClockSource
                0x00000910       0x3c C:\Users\Arvi\Documents\MCUXpressoIDE_10.1.1_606\workspace\lpc_chip_15xx\Debug\liblpc_chip_15xx.a(clock_15xx.o)
                0x00000910                Chip_Clock_SetMainClockSource
 .text.Chip_Clock_GetMainClockRate
                0x0000094c       0x28 C:\Users\Arvi\Documents\MCUXpressoIDE_10.1.1_606\workspace\lpc_chip_15xx\Debug\liblpc_chip_15xx.a(clock_15xx.o)
                0x0000094c                Chip_Clock_GetMainClockRate
 .text.Chip_Clock_EnablePeriphClock
                0x00000974       0x54 C:\Users\Arvi\Documents\MCUXpressoIDE_10.1.1_606\workspace\lpc_chip_15xx\Debug\liblpc_chip_15xx.a(clock_15xx.o)
                0x00000974                Chip_Clock_EnablePeriphClock
 .text.Chip_Clock_GetUARTBaseClockRate
                0x000009c8       0x88 C:\Users\Arvi\Documents\MCUXpressoIDE_10.1.1_606\workspace\lpc_chip_15xx\Debug\liblpc_chip_15xx.a(clock_15xx.o)
                0x000009c8                Chip_Clock_GetUARTBaseClockRate
 .text.Chip_Clock_SetUARTBaseClockRate
                0x00000a50       0xa0 C:\Users\Arvi\Documents\MCUXpressoIDE_10.1.1_606\workspace\lpc_chip_15xx\Debug\liblpc_chip_15xx.a(clock_15xx.o)
                0x00000a50                Chip_Clock_SetUARTBaseClockRate
 .text.Chip_Clock_GetSystemClockRate
                0x00000af0       0x1c C:\Users\Arvi\Documents\MCUXpressoIDE_10.1.1_606\workspace\lpc_chip_15xx\Debug\liblpc_chip_15xx.a(clock_15xx.o)
                0x00000af0                Chip_Clock_GetSystemClockRate
 .text.Chip_SYSCTL_PeriphReset
                0x00000b0c       0x22 C:\Users\Arvi\Documents\MCUXpressoIDE_10.1.1_606\workspace\lpc_chip_15xx\Debug\liblpc_chip_15xx.a(gpio_15xx.o)
 .text.Chip_GPIO_Init
                0x00000b2e       0x2e C:\Users\Arvi\Documents\MCUXpressoIDE_10.1.1_606\workspace\lpc_chip_15xx\Debug\liblpc_chip_15xx.a(gpio_15xx.o)
                0x00000b2e                Chip_GPIO_Init
 .text.Chip_IOCON_PinMuxSet
                0x00000b5c       0x2c C:\Users\Arvi\Documents\MCUXpressoIDE_10.1.1_606\workspace\lpc_chip_15xx\Debug\liblpc_chip_15xx.a(iocon_15xx.o)
 .text.Chip_IOCON_SetPinMuxing
                0x00000b88       0x4e C:\Users\Arvi\Documents\MCUXpressoIDE_10.1.1_606\workspace\lpc_chip_15xx\Debug\liblpc_chip_15xx.a(iocon_15xx.o)
                0x00000b88                Chip_IOCON_SetPinMuxing
 *fill*         0x00000bd6        0x2 ff
 .text.Chip_SWM_MovablePinAssign
                0x00000bd8       0x5c C:\Users\Arvi\Documents\MCUXpressoIDE_10.1.1_606\workspace\lpc_chip_15xx\Debug\liblpc_chip_15xx.a(swm_15xx.o)
                0x00000bd8                Chip_SWM_MovablePinAssign
 .text.Chip_SYSCTL_AssertPeriphReset
                0x00000c34       0x48 C:\Users\Arvi\Documents\MCUXpressoIDE_10.1.1_606\workspace\lpc_chip_15xx\Debug\liblpc_chip_15xx.a(sysctl_15xx.o)
                0x00000c34                Chip_SYSCTL_AssertPeriphReset
 .text.Chip_SYSCTL_DeassertPeriphReset
                0x00000c7c       0x4c C:\Users\Arvi\Documents\MCUXpressoIDE_10.1.1_606\workspace\lpc_chip_15xx\Debug\liblpc_chip_15xx.a(sysctl_15xx.o)
                0x00000c7c                Chip_SYSCTL_DeassertPeriphReset
 .text.Chip_SYSCTL_PowerDown
                0x00000cc8       0x40 C:\Users\Arvi\Documents\MCUXpressoIDE_10.1.1_606\workspace\lpc_chip_15xx\Debug\liblpc_chip_15xx.a(sysctl_15xx.o)
                0x00000cc8                Chip_SYSCTL_PowerDown
 .text.Chip_SYSCTL_PowerUp
                0x00000d08       0x40 C:\Users\Arvi\Documents\MCUXpressoIDE_10.1.1_606\workspace\lpc_chip_15xx\Debug\liblpc_chip_15xx.a(sysctl_15xx.o)
                0x00000d08                Chip_SYSCTL_PowerUp
 .text.Chip_FMC_SetFLASHAccess
                0x00000d48       0x38 C:\Users\Arvi\Documents\MCUXpressoIDE_10.1.1_606\workspace\lpc_chip_15xx\Debug\liblpc_chip_15xx.a(sysinit_15xx.o)
 .text.Chip_Clock_SetSystemPLLSource
                0x00000d80       0x20 C:\Users\Arvi\Documents\MCUXpressoIDE_10.1.1_606\workspace\lpc_chip_15xx\Debug\liblpc_chip_15xx.a(sysinit_15xx.o)
 .text.Chip_Clock_SetupSystemPLL
                0x00000da0       0x34 C:\Users\Arvi\Documents\MCUXpressoIDE_10.1.1_606\workspace\lpc_chip_15xx\Debug\liblpc_chip_15xx.a(sysinit_15xx.o)
 .text.Chip_Clock_IsSystemPLLLocked
                0x00000dd4       0x24 C:\Users\Arvi\Documents\MCUXpressoIDE_10.1.1_606\workspace\lpc_chip_15xx\Debug\liblpc_chip_15xx.a(sysinit_15xx.o)
 .text.Chip_Clock_SetSysClockDiv
                0x00000df8       0x20 C:\Users\Arvi\Documents\MCUXpressoIDE_10.1.1_606\workspace\lpc_chip_15xx\Debug\liblpc_chip_15xx.a(sysinit_15xx.o)
 .text.Chip_SetupXtalClocking
                0x00000e18       0x6c C:\Users\Arvi\Documents\MCUXpressoIDE_10.1.1_606\workspace\lpc_chip_15xx\Debug\liblpc_chip_15xx.a(sysinit_15xx.o)
                0x00000e18                Chip_SetupXtalClocking
 .text.Chip_SYSCTL_PeriphReset
                0x00000e84       0x22 C:\Users\Arvi\Documents\MCUXpressoIDE_10.1.1_606\workspace\lpc_chip_15xx\Debug\liblpc_chip_15xx.a(uart_15xx.o)
 *fill*         0x00000ea6        0x2 ff
 .text.getUARTClockID
                0x00000ea8       0x34 C:\Users\Arvi\Documents\MCUXpressoIDE_10.1.1_606\workspace\lpc_chip_15xx\Debug\liblpc_chip_15xx.a(uart_15xx.o)
 .text.Chip_UART_Init
                0x00000edc       0x4c C:\Users\Arvi\Documents\MCUXpressoIDE_10.1.1_606\workspace\lpc_chip_15xx\Debug\liblpc_chip_15xx.a(uart_15xx.o)
                0x00000edc                Chip_UART_Init
 .text.Chip_UART_SetBaud
                0x00000f28       0x2a C:\Users\Arvi\Documents\MCUXpressoIDE_10.1.1_606\workspace\lpc_chip_15xx\Debug\liblpc_chip_15xx.a(uart_15xx.o)
                0x00000f28                Chip_UART_SetBaud
 *fill*         0x00000f52        0x2 ff
 .text          0x00000f54       0x30 c:/nxp/mcuxpressoide_10.1.1_606/ide/tools/bin/../lib/gcc/arm-none-eabi/6.3.1/thumb/v7-m\libgcc.a(_aeabi_uldivmod.o)
                0x00000f54                __aeabi_uldivmod
 .text          0x00000f84      0x2dc c:/nxp/mcuxpressoide_10.1.1_606/ide/tools/bin/../lib/gcc/arm-none-eabi/6.3.1/thumb/v7-m\libgcc.a(_udivmoddi4.o)
                0x00000f84                __udivmoddi4
 .text          0x00001260        0x4 c:/nxp/mcuxpressoide_10.1.1_606/ide/tools/bin/../lib/gcc/arm-none-eabi/6.3.1/thumb/v7-m\libgcc.a(_dvmd_tls.o)
                0x00001260                __aeabi_idiv0
                0x00001260                __aeabi_ldiv0
 .text.__libc_init_array
                0x00001264       0x50 c:/nxp/mcuxpressoide_10.1.1_606/ide/tools/bin/../lib/gcc/arm-none-eabi/6.3.1/../../../../arm-none-eabi/lib/thumb/v7-m\libc.a(lib_a-init.o)
                0x00001264                __libc_init_array
 .text          0x000012b4       0x6c c:/nxp/mcuxpressoide_10.1.1_606/ide/tools/bin/../lib/gcc/arm-none-eabi/6.3.1/thumb/v7-m\crtbegin.o
 *(.rodata .rodata.* .constdata .constdata.*)
 .rodata.OscRateIn
                0x00001320        0x4 C:\Users\Arvi\Documents\MCUXpressoIDE_10.1.1_606\workspace\lpc_board_nxp_lpcxpresso_1549\Debug\liblpc_board_nxp_lpcxpresso_1549.a(board.o)
                0x00001320                OscRateIn
 .rodata.RTCOscRateIn
                0x00001324        0x4 C:\Users\Arvi\Documents\MCUXpressoIDE_10.1.1_606\workspace\lpc_board_nxp_lpcxpresso_1549\Debug\liblpc_board_nxp_lpcxpresso_1549.a(board.o)
                0x00001324                RTCOscRateIn
 .rodata.ledpins
                0x00001328        0x3 C:\Users\Arvi\Documents\MCUXpressoIDE_10.1.1_606\workspace\lpc_board_nxp_lpcxpresso_1549\Debug\liblpc_board_nxp_lpcxpresso_1549.a(board.o)
 *fill*         0x0000132b        0x1 ff
 .rodata.ledports
                0x0000132c        0x3 C:\Users\Arvi\Documents\MCUXpressoIDE_10.1.1_606\workspace\lpc_board_nxp_lpcxpresso_1549\Debug\liblpc_board_nxp_lpcxpresso_1549.a(board.o)
 *fill*         0x0000132f        0x1 ff
 .rodata.ioconSetup
                0x00001330       0x74 C:\Users\Arvi\Documents\MCUXpressoIDE_10.1.1_606\workspace\lpc_board_nxp_lpcxpresso_1549\Debug\liblpc_board_nxp_lpcxpresso_1549.a(board_sysinit.o)
 .rodata.swmSetup
                0x000013a4        0x6 C:\Users\Arvi\Documents\MCUXpressoIDE_10.1.1_606\workspace\lpc_board_nxp_lpcxpresso_1549\Debug\liblpc_board_nxp_lpcxpresso_1549.a(board_sysinit.o)
                0x000013ac                . = ALIGN (0x4)
 *fill*         0x000013aa        0x2 ff
                0x000013ac                . = ALIGN (0x4)
 *(.init)
 .init          0x000013ac        0x4 c:/nxp/mcuxpressoide_10.1.1_606/ide/tools/bin/../lib/gcc/arm-none-eabi/6.3.1/thumb/v7-m\crti.o
                0x000013ac                _init
 .init          0x000013b0        0x8 c:/nxp/mcuxpressoide_10.1.1_606/ide/tools/bin/../lib/gcc/arm-none-eabi/6.3.1/thumb/v7-m\crtn.o
                0x000013b8                . = ALIGN (0x4)
                0x000013b8                __preinit_array_start = .
 *(.preinit_array)
                0x000013b8                __preinit_array_end = .
                0x000013b8                . = ALIGN (0x4)
                0x000013b8                __init_array_start = .
 *(SORT(.init_array.*))
 *(.init_array)
 .init_array    0x000013b8        0x4 c:/nxp/mcuxpressoide_10.1.1_606/ide/tools/bin/../lib/gcc/arm-none-eabi/6.3.1/thumb/v7-m\crtbegin.o
                0x000013bc                __init_array_end = .
 *(.fini)
 .fini          0x000013bc        0x4 c:/nxp/mcuxpressoide_10.1.1_606/ide/tools/bin/../lib/gcc/arm-none-eabi/6.3.1/thumb/v7-m\crti.o
                0x000013bc                _fini
 .fini          0x000013c0        0x8 c:/nxp/mcuxpressoide_10.1.1_606/ide/tools/bin/../lib/gcc/arm-none-eabi/6.3.1/thumb/v7-m\crtn.o
                0x000013c8                . = ALIGN (0x4)
 *crtbegin.o(.ctors)
 *(EXCLUDE_FILE(*crtend.o) .ctors)
 *(SORT(.ctors.*))
 *crtend.o(.ctors)
                0x000013c8                . = ALIGN (0x4)
 *crtbegin.o(.dtors)
 *(EXCLUDE_FILE(*crtend.o) .dtors)
 *(SORT(.dtors.*))
 *crtend.o(.dtors)
                0x000013c8                . = ALIGN (0x4)

.glue_7         0x000013c8        0x0
 .glue_7        0x000013c8        0x0 linker stubs

.glue_7t        0x000013c8        0x0
 .glue_7t       0x000013c8        0x0 linker stubs

.vfp11_veneer   0x000013c8        0x0
 .vfp11_veneer  0x000013c8        0x0 linker stubs

.v4_bx          0x000013c8        0x0
 .v4_bx         0x000013c8        0x0 linker stubs

.iplt           0x000013c8        0x0
 .iplt          0x000013c8        0x0 ./src/Blank.o

.ARM.extab
 *(.ARM.extab* .gnu.linkonce.armextab.*)
                0x000013c8                __exidx_start = .

.ARM.exidx      0x000013c8        0x8
 *(.ARM.exidx* .gnu.linkonce.armexidx.*)
 .ARM.exidx     0x000013c8        0x8 c:/nxp/mcuxpressoide_10.1.1_606/ide/tools/bin/../lib/gcc/arm-none-eabi/6.3.1/thumb/v7-m\libgcc.a(_udivmoddi4.o)
                0x000013d0                __exidx_end = .
                0x000013d0                _etext = .

.rel.dyn        0x000013d0        0x0
 .rel.iplt      0x000013d0        0x0 ./src/Blank.o

.eh_frame       0x000013d0        0x0
 .eh_frame      0x000013d0        0x0 c:/nxp/mcuxpressoide_10.1.1_606/ide/tools/bin/../lib/gcc/arm-none-eabi/6.3.1/thumb/v7-m\crtbegin.o

.data_RAM2      0x02008000        0x0 load address 0x000013d0
 FILL mask 0xff
                [!provide]                PROVIDE (__start_data_RAM2, .)
 *(.ramfunc.$RAM2)
 *(.ramfunc.$Ram2_4)
 *(.data.$RAM2*)
 *(.data.$Ram2_4*)
                0x02008000                . = ALIGN (0x4)
                [!provide]                PROVIDE (__end_data_RAM2, .)

.uninit_RESERVED
                0x02000000        0x0
 *(.bss.$RESERVED*)
                0x02000000                . = ALIGN (0x4)
                0x02000000                _end_uninit_RESERVED = .

.data           0x02000000        0x0 load address 0x000013d0
 FILL mask 0xff
                0x02000000                _data = .
 *(vtable)
 *(.ramfunc*)
 *(.data*)
                0x02000000                . = ALIGN (0x4)
                0x02000000                _edata = .

.igot.plt       0x02000000        0x0 load address 0x000013d0
 .igot.plt      0x02000000        0x0 ./src/Blank.o

.jcr            0x02000000        0x0 load address 0x000013d0
 .jcr           0x02000000        0x0 c:/nxp/mcuxpressoide_10.1.1_606/ide/tools/bin/../lib/gcc/arm-none-eabi/6.3.1/thumb/v7-m\crtbegin.o

.bss_RAM2       0x02008000        0x0
                [!provide]                PROVIDE (__start_bss_RAM2, .)
 *(.bss.$RAM2*)
 *(.bss.$Ram2_4*)
                0x02008000                . = ALIGN ((. != 0x0)?0x4:0x1)
                [!provide]                PROVIDE (__end_bss_RAM2, .)

.bss            0x02000000       0x24
                0x02000000                _bss = .
 *(.bss*)
 .bss._ZZ4mainE1i
                0x02000000        0x4 ./src/Blank.o
 .bss           0x02000004       0x1c c:/nxp/mcuxpressoide_10.1.1_606/ide/tools/bin/../lib/gcc/arm-none-eabi/6.3.1/thumb/v7-m\crtbegin.o
 *(COMMON)
 COMMON         0x02000020        0x4 C:\Users\Arvi\Documents\MCUXpressoIDE_10.1.1_606\workspace\lpc_chip_15xx\Debug\liblpc_chip_15xx.a(chip_15xx.o)
                0x02000020                SystemCoreClock
                0x02000024                . = ALIGN (0x4)
                0x02000024                _ebss = .
                [!provide]                PROVIDE (end, .)

.noinit_RAM2    0x02008000        0x0
 *(.noinit.$RAM2*)
 *(.noinit.$Ram2_4*)
                0x02008000                . = ALIGN (0x4)

.noinit         0x02000024        0x0
                0x02000024                _noinit = .
 *(.noinit*)
                0x02000024                . = ALIGN (0x4)
                0x02000024                _end_noinit = .
                0x02000024                PROVIDE (_pvHeapStart, DEFINED (__user_heap_base)?__user_heap_base:.)
                0x02008000                PROVIDE (_vStackTop, DEFINED (__user_stack_top)?__user_stack_top:(__top_Ram0_16_32 - 0x0))
                0xfdff735a                PROVIDE (__valid_user_code_checksum, (0x0 - ((((((_vStackTop + (ResetISR + 0x1)) + (NMI_Handler + 0x1)) + (HardFault_Handler + 0x1)) + (DEFINED (MemManage_Handler)?MemManage_Handler:0x0 + 0x1)) + (DEFINED (BusFault_Handler)?BusFault_Handler:0x0 + 0x1)) + (DEFINED (UsageFault_Handler)?UsageFault_Handler:0x0 + 0x1))))
                0x00000000                _image_start = LOADADDR (.text)
                0x000013d0                _image_end = (LOADADDR (.data) + SIZEOF (.data))
                0x000013d0                _image_size = (_image_end - _image_start)
OUTPUT(Blank.axf elf32-littlearm)

.debug_info     0x00000000     0x6fbd
 .debug_info    0x00000000      0x999 ./src/Blank.o
 .debug_info    0x00000999      0x285 ./src/cr_startup_lpc15xx.o
 .debug_info    0x00000c1e      0x973 ./src/sysinit.o
 .debug_info    0x00001591      0xc20 C:\Users\Arvi\Documents\MCUXpressoIDE_10.1.1_606\workspace\lpc_board_nxp_lpcxpresso_1549\Debug\liblpc_board_nxp_lpcxpresso_1549.a(board.o)
 .debug_info    0x000021b1      0xdf1 C:\Users\Arvi\Documents\MCUXpressoIDE_10.1.1_606\workspace\lpc_board_nxp_lpcxpresso_1549\Debug\liblpc_board_nxp_lpcxpresso_1549.a(board_sysinit.o)
 .debug_info    0x00002fa2      0x9f2 C:\Users\Arvi\Documents\MCUXpressoIDE_10.1.1_606\workspace\lpc_chip_15xx\Debug\liblpc_chip_15xx.a(chip_15xx.o)
 .debug_info    0x00003994      0xda7 C:\Users\Arvi\Documents\MCUXpressoIDE_10.1.1_606\workspace\lpc_chip_15xx\Debug\liblpc_chip_15xx.a(clock_15xx.o)
 .debug_info    0x0000473b      0x6a1 C:\Users\Arvi\Documents\MCUXpressoIDE_10.1.1_606\workspace\lpc_chip_15xx\Debug\liblpc_chip_15xx.a(gpio_15xx.o)
 .debug_info    0x00004ddc      0x294 C:\Users\Arvi\Documents\MCUXpressoIDE_10.1.1_606\workspace\lpc_chip_15xx\Debug\liblpc_chip_15xx.a(iocon_15xx.o)
 .debug_info    0x00005070      0x685 C:\Users\Arvi\Documents\MCUXpressoIDE_10.1.1_606\workspace\lpc_chip_15xx\Debug\liblpc_chip_15xx.a(swm_15xx.o)
 .debug_info    0x000056f5      0x7b9 C:\Users\Arvi\Documents\MCUXpressoIDE_10.1.1_606\workspace\lpc_chip_15xx\Debug\liblpc_chip_15xx.a(sysctl_15xx.o)
 .debug_info    0x00005eae      0x7a1 C:\Users\Arvi\Documents\MCUXpressoIDE_10.1.1_606\workspace\lpc_chip_15xx\Debug\liblpc_chip_15xx.a(sysinit_15xx.o)
 .debug_info    0x0000664f      0x96e C:\Users\Arvi\Documents\MCUXpressoIDE_10.1.1_606\workspace\lpc_chip_15xx\Debug\liblpc_chip_15xx.a(uart_15xx.o)

.debug_abbrev   0x00000000     0x16e9
 .debug_abbrev  0x00000000      0x1c3 ./src/Blank.o
 .debug_abbrev  0x000001c3      0x106 ./src/cr_startup_lpc15xx.o
 .debug_abbrev  0x000002c9      0x1b1 ./src/sysinit.o
 .debug_abbrev  0x0000047a      0x236 C:\Users\Arvi\Documents\MCUXpressoIDE_10.1.1_606\workspace\lpc_board_nxp_lpcxpresso_1549\Debug\liblpc_board_nxp_lpcxpresso_1549.a(board.o)
 .debug_abbrev  0x000006b0      0x242 C:\Users\Arvi\Documents\MCUXpressoIDE_10.1.1_606\workspace\lpc_board_nxp_lpcxpresso_1549\Debug\liblpc_board_nxp_lpcxpresso_1549.a(board_sysinit.o)
 .debug_abbrev  0x000008f2      0x1cf C:\Users\Arvi\Documents\MCUXpressoIDE_10.1.1_606\workspace\lpc_chip_15xx\Debug\liblpc_chip_15xx.a(chip_15xx.o)
 .debug_abbrev  0x00000ac1      0x2bd C:\Users\Arvi\Documents\MCUXpressoIDE_10.1.1_606\workspace\lpc_chip_15xx\Debug\liblpc_chip_15xx.a(clock_15xx.o)
 .debug_abbrev  0x00000d7e      0x190 C:\Users\Arvi\Documents\MCUXpressoIDE_10.1.1_606\workspace\lpc_chip_15xx\Debug\liblpc_chip_15xx.a(gpio_15xx.o)
 .debug_abbrev  0x00000f0e      0x150 C:\Users\Arvi\Documents\MCUXpressoIDE_10.1.1_606\workspace\lpc_chip_15xx\Debug\liblpc_chip_15xx.a(iocon_15xx.o)
 .debug_abbrev  0x0000105e      0x178 C:\Users\Arvi\Documents\MCUXpressoIDE_10.1.1_606\workspace\lpc_chip_15xx\Debug\liblpc_chip_15xx.a(swm_15xx.o)
 .debug_abbrev  0x000011d6      0x14d C:\Users\Arvi\Documents\MCUXpressoIDE_10.1.1_606\workspace\lpc_chip_15xx\Debug\liblpc_chip_15xx.a(sysctl_15xx.o)
 .debug_abbrev  0x00001323      0x1c4 C:\Users\Arvi\Documents\MCUXpressoIDE_10.1.1_606\workspace\lpc_chip_15xx\Debug\liblpc_chip_15xx.a(sysinit_15xx.o)
 .debug_abbrev  0x000014e7      0x202 C:\Users\Arvi\Documents\MCUXpressoIDE_10.1.1_606\workspace\lpc_chip_15xx\Debug\liblpc_chip_15xx.a(uart_15xx.o)

.debug_aranges  0x00000000      0x5b0
 .debug_aranges
                0x00000000       0x20 ./src/Blank.o
 .debug_aranges
                0x00000020       0x80 ./src/cr_startup_lpc15xx.o
 .debug_aranges
                0x000000a0       0x20 ./src/sysinit.o
 .debug_aranges
                0x000000c0       0xd0 C:\Users\Arvi\Documents\MCUXpressoIDE_10.1.1_606\workspace\lpc_board_nxp_lpcxpresso_1549\Debug\liblpc_board_nxp_lpcxpresso_1549.a(board.o)
 .debug_aranges
                0x00000190       0x60 C:\Users\Arvi\Documents\MCUXpressoIDE_10.1.1_606\workspace\lpc_board_nxp_lpcxpresso_1549\Debug\liblpc_board_nxp_lpcxpresso_1549.a(board_sysinit.o)
 .debug_aranges
                0x000001f0       0x50 C:\Users\Arvi\Documents\MCUXpressoIDE_10.1.1_606\workspace\lpc_chip_15xx\Debug\liblpc_chip_15xx.a(chip_15xx.o)
 .debug_aranges
                0x00000240      0x128 C:\Users\Arvi\Documents\MCUXpressoIDE_10.1.1_606\workspace\lpc_chip_15xx\Debug\liblpc_chip_15xx.a(clock_15xx.o)
 .debug_aranges
                0x00000368       0x70 C:\Users\Arvi\Documents\MCUXpressoIDE_10.1.1_606\workspace\lpc_chip_15xx\Debug\liblpc_chip_15xx.a(gpio_15xx.o)
 .debug_aranges
                0x000003d8       0x28 C:\Users\Arvi\Documents\MCUXpressoIDE_10.1.1_606\workspace\lpc_chip_15xx\Debug\liblpc_chip_15xx.a(iocon_15xx.o)
 .debug_aranges
                0x00000400       0x40 C:\Users\Arvi\Documents\MCUXpressoIDE_10.1.1_606\workspace\lpc_chip_15xx\Debug\liblpc_chip_15xx.a(swm_15xx.o)
 .debug_aranges
                0x00000440       0x50 C:\Users\Arvi\Documents\MCUXpressoIDE_10.1.1_606\workspace\lpc_chip_15xx\Debug\liblpc_chip_15xx.a(sysctl_15xx.o)
 .debug_aranges
                0x00000490       0x58 C:\Users\Arvi\Documents\MCUXpressoIDE_10.1.1_606\workspace\lpc_chip_15xx\Debug\liblpc_chip_15xx.a(sysinit_15xx.o)
 .debug_aranges
                0x000004e8       0xc8 C:\Users\Arvi\Documents\MCUXpressoIDE_10.1.1_606\workspace\lpc_chip_15xx\Debug\liblpc_chip_15xx.a(uart_15xx.o)

.debug_ranges   0x00000000      0x4e0
 .debug_ranges  0x00000000       0x10 ./src/Blank.o
 .debug_ranges  0x00000010       0x70 ./src/cr_startup_lpc15xx.o
 .debug_ranges  0x00000080       0x10 ./src/sysinit.o
 .debug_ranges  0x00000090       0xc0 C:\Users\Arvi\Documents\MCUXpressoIDE_10.1.1_606\workspace\lpc_board_nxp_lpcxpresso_1549\Debug\liblpc_board_nxp_lpcxpresso_1549.a(board.o)
 .debug_ranges  0x00000150       0x50 C:\Users\Arvi\Documents\MCUXpressoIDE_10.1.1_606\workspace\lpc_board_nxp_lpcxpresso_1549\Debug\liblpc_board_nxp_lpcxpresso_1549.a(board_sysinit.o)
 .debug_ranges  0x000001a0       0x40 C:\Users\Arvi\Documents\MCUXpressoIDE_10.1.1_606\workspace\lpc_chip_15xx\Debug\liblpc_chip_15xx.a(chip_15xx.o)
 .debug_ranges  0x000001e0      0x118 C:\Users\Arvi\Documents\MCUXpressoIDE_10.1.1_606\workspace\lpc_chip_15xx\Debug\liblpc_chip_15xx.a(clock_15xx.o)
 .debug_ranges  0x000002f8       0x60 C:\Users\Arvi\Documents\MCUXpressoIDE_10.1.1_606\workspace\lpc_chip_15xx\Debug\liblpc_chip_15xx.a(gpio_15xx.o)
 .debug_ranges  0x00000358       0x18 C:\Users\Arvi\Documents\MCUXpressoIDE_10.1.1_606\workspace\lpc_chip_15xx\Debug\liblpc_chip_15xx.a(iocon_15xx.o)
 .debug_ranges  0x00000370       0x30 C:\Users\Arvi\Documents\MCUXpressoIDE_10.1.1_606\workspace\lpc_chip_15xx\Debug\liblpc_chip_15xx.a(swm_15xx.o)
 .debug_ranges  0x000003a0       0x40 C:\Users\Arvi\Documents\MCUXpressoIDE_10.1.1_606\workspace\lpc_chip_15xx\Debug\liblpc_chip_15xx.a(sysctl_15xx.o)
 .debug_ranges  0x000003e0       0x48 C:\Users\Arvi\Documents\MCUXpressoIDE_10.1.1_606\workspace\lpc_chip_15xx\Debug\liblpc_chip_15xx.a(sysinit_15xx.o)
 .debug_ranges  0x00000428       0xb8 C:\Users\Arvi\Documents\MCUXpressoIDE_10.1.1_606\workspace\lpc_chip_15xx\Debug\liblpc_chip_15xx.a(uart_15xx.o)

.debug_macro    0x00000000     0x7a10
 .debug_macro   0x00000000      0x385 ./src/Blank.o
 .debug_macro   0x00000385      0x976 ./src/Blank.o
 .debug_macro   0x00000cfb       0x1c ./src/Blank.o
 .debug_macro   0x00000d17       0x22 ./src/Blank.o
 .debug_macro   0x00000d39       0x4f ./src/Blank.o
 .debug_macro   0x00000d88       0x51 ./src/Blank.o
 .debug_macro   0x00000dd9       0xef ./src/Blank.o
 .debug_macro   0x00000ec8       0x6a ./src/Blank.o
 .debug_macro   0x00000f32      0x1df ./src/Blank.o
 .debug_macro   0x00001111       0x16 ./src/Blank.o
 .debug_macro   0x00001127       0x7b ./src/Blank.o
 .debug_macro   0x000011a2       0x10 ./src/Blank.o
 .debug_macro   0x000011b2       0x2d ./src/Blank.o
 .debug_macro   0x000011df       0x3a ./src/Blank.o
 .debug_macro   0x00001219       0x2d ./src/Blank.o
 .debug_macro   0x00001246      0xa7d ./src/Blank.o
 .debug_macro   0x00001cc3      0x1b4 ./src/Blank.o
 .debug_macro   0x00001e77       0xca ./src/Blank.o
 .debug_macro   0x00001f41       0x18 ./src/Blank.o
 .debug_macro   0x00001f59       0xb2 ./src/Blank.o
 .debug_macro   0x0000200b       0x70 ./src/Blank.o
 .debug_macro   0x0000207b       0x46 ./src/Blank.o
 .debug_macro   0x000020c1       0xd0 ./src/Blank.o
 .debug_macro   0x00002191       0x40 ./src/Blank.o
 .debug_macro   0x000021d1      0x233 ./src/Blank.o
 .debug_macro   0x00002404       0x16 ./src/Blank.o
 .debug_macro   0x0000241a       0x88 ./src/Blank.o
 .debug_macro   0x000024a2       0x34 ./src/Blank.o
 .debug_macro   0x000024d6       0x6a ./src/Blank.o
 .debug_macro   0x00002540       0x40 ./src/Blank.o
 .debug_macro   0x00002580       0x1c ./src/Blank.o
 .debug_macro   0x0000259c       0x16 ./src/Blank.o
 .debug_macro   0x000025b2      0x10c ./src/Blank.o
 .debug_macro   0x000026be      0x2a9 ./src/Blank.o
 .debug_macro   0x00002967       0x76 ./src/Blank.o
 .debug_macro   0x000029dd       0x22 ./src/Blank.o
 .debug_macro   0x000029ff      0x152 ./src/Blank.o
 .debug_macro   0x00002b51       0x82 ./src/Blank.o
 .debug_macro   0x00002bd3       0xe6 ./src/Blank.o
 .debug_macro   0x00002cb9       0x3a ./src/Blank.o
 .debug_macro   0x00002cf3       0x34 ./src/Blank.o
 .debug_macro   0x00002d27       0x10 ./src/Blank.o
 .debug_macro   0x00002d37       0x76 ./src/Blank.o
 .debug_macro   0x00002dad       0x58 ./src/Blank.o
 .debug_macro   0x00002e05      0x2ca ./src/Blank.o
 .debug_macro   0x000030cf      0x22b ./src/Blank.o
 .debug_macro   0x000032fa       0x2e ./src/Blank.o
 .debug_macro   0x00003328       0x34 ./src/Blank.o
 .debug_macro   0x0000335c       0x58 ./src/Blank.o
 .debug_macro   0x000033b4       0x35 ./src/Blank.o
 .debug_macro   0x000033e9       0x9c ./src/Blank.o
 .debug_macro   0x00003485       0x16 ./src/Blank.o
 .debug_macro   0x0000349b       0x97 ./src/Blank.o
 .debug_macro   0x00003532      0x353 ./src/Blank.o
 .debug_macro   0x00003885      0x104 ./src/Blank.o
 .debug_macro   0x00003989       0x10 ./src/Blank.o
 .debug_macro   0x00003999       0x58 ./src/Blank.o
 .debug_macro   0x000039f1       0x1f ./src/Blank.o
 .debug_macro   0x00003a10       0x43 ./src/Blank.o
 .debug_macro   0x00003a53       0x20 ./src/Blank.o
 .debug_macro   0x00003a73      0x187 ./src/Blank.o
 .debug_macro   0x00003bfa       0x10 ./src/Blank.o
 .debug_macro   0x00003c0a       0xb6 ./src/Blank.o
 .debug_macro   0x00003cc0       0x16 ./src/Blank.o
 .debug_macro   0x00003cd6      0x145 ./src/Blank.o
 .debug_macro   0x00003e1b       0x20 ./src/Blank.o
 .debug_macro   0x00003e3b       0x82 ./src/Blank.o
 .debug_macro   0x00003ebd       0x23 ./src/cr_startup_lpc15xx.o
 .debug_macro   0x00003ee0      0x377 ./src/sysinit.o
 .debug_macro   0x00004257       0x22 ./src/sysinit.o
 .debug_macro   0x00004279      0xa7d ./src/sysinit.o
 .debug_macro   0x00004cf6       0x9c ./src/sysinit.o
 .debug_macro   0x00004d92       0x97 ./src/sysinit.o
 .debug_macro   0x00004e29      0x330 ./src/sysinit.o
 .debug_macro   0x00005159       0xfd ./src/sysinit.o
 .debug_macro   0x00005256       0x43 ./src/sysinit.o
 .debug_macro   0x00005299      0x284 C:\Users\Arvi\Documents\MCUXpressoIDE_10.1.1_606\workspace\lpc_board_nxp_lpcxpresso_1549\Debug\liblpc_board_nxp_lpcxpresso_1549.a(board.o)
 .debug_macro   0x0000551d      0x8c2 C:\Users\Arvi\Documents\MCUXpressoIDE_10.1.1_606\workspace\lpc_board_nxp_lpcxpresso_1549\Debug\liblpc_board_nxp_lpcxpresso_1549.a(board.o)
 .debug_macro   0x00005ddf       0x10 C:\Users\Arvi\Documents\MCUXpressoIDE_10.1.1_606\workspace\lpc_board_nxp_lpcxpresso_1549\Debug\liblpc_board_nxp_lpcxpresso_1549.a(board.o)
 .debug_macro   0x00005def      0x12d C:\Users\Arvi\Documents\MCUXpressoIDE_10.1.1_606\workspace\lpc_board_nxp_lpcxpresso_1549\Debug\liblpc_board_nxp_lpcxpresso_1549.a(board.o)
 .debug_macro   0x00005f1c      0x5b2 C:\Users\Arvi\Documents\MCUXpressoIDE_10.1.1_606\workspace\lpc_board_nxp_lpcxpresso_1549\Debug\liblpc_board_nxp_lpcxpresso_1549.a(board.o)
 .debug_macro   0x000064ce       0x22 C:\Users\Arvi\Documents\MCUXpressoIDE_10.1.1_606\workspace\lpc_board_nxp_lpcxpresso_1549\Debug\liblpc_board_nxp_lpcxpresso_1549.a(board.o)
 .debug_macro   0x000064f0       0x9a C:\Users\Arvi\Documents\MCUXpressoIDE_10.1.1_606\workspace\lpc_board_nxp_lpcxpresso_1549\Debug\liblpc_board_nxp_lpcxpresso_1549.a(board.o)
 .debug_macro   0x0000658a       0x12 C:\Users\Arvi\Documents\MCUXpressoIDE_10.1.1_606\workspace\lpc_board_nxp_lpcxpresso_1549\Debug\liblpc_board_nxp_lpcxpresso_1549.a(board.o)
 .debug_macro   0x0000659c      0x288 C:\Users\Arvi\Documents\MCUXpressoIDE_10.1.1_606\workspace\lpc_board_nxp_lpcxpresso_1549\Debug\liblpc_board_nxp_lpcxpresso_1549.a(board_sysinit.o)
 .debug_macro   0x00006824      0x239 C:\Users\Arvi\Documents\MCUXpressoIDE_10.1.1_606\workspace\lpc_chip_15xx\Debug\liblpc_chip_15xx.a(chip_15xx.o)
 .debug_macro   0x00006a5d      0x239 C:\Users\Arvi\Documents\MCUXpressoIDE_10.1.1_606\workspace\lpc_chip_15xx\Debug\liblpc_chip_15xx.a(clock_15xx.o)
 .debug_macro   0x00006c96      0x239 C:\Users\Arvi\Documents\MCUXpressoIDE_10.1.1_606\workspace\lpc_chip_15xx\Debug\liblpc_chip_15xx.a(gpio_15xx.o)
 .debug_macro   0x00006ecf      0x239 C:\Users\Arvi\Documents\MCUXpressoIDE_10.1.1_606\workspace\lpc_chip_15xx\Debug\liblpc_chip_15xx.a(iocon_15xx.o)
 .debug_macro   0x00007108      0x245 C:\Users\Arvi\Documents\MCUXpressoIDE_10.1.1_606\workspace\lpc_chip_15xx\Debug\liblpc_chip_15xx.a(swm_15xx.o)
 .debug_macro   0x0000734d      0x251 C:\Users\Arvi\Documents\MCUXpressoIDE_10.1.1_606\workspace\lpc_chip_15xx\Debug\liblpc_chip_15xx.a(sysctl_15xx.o)
 .debug_macro   0x0000759e      0x239 C:\Users\Arvi\Documents\MCUXpressoIDE_10.1.1_606\workspace\lpc_chip_15xx\Debug\liblpc_chip_15xx.a(sysinit_15xx.o)
 .debug_macro   0x000077d7      0x239 C:\Users\Arvi\Documents\MCUXpressoIDE_10.1.1_606\workspace\lpc_chip_15xx\Debug\liblpc_chip_15xx.a(uart_15xx.o)

.debug_line     0x00000000     0x433c
 .debug_line    0x00000000      0x64c ./src/Blank.o
 .debug_line    0x0000064c       0xd5 ./src/cr_startup_lpc15xx.o
 .debug_line    0x00000721      0x62d ./src/sysinit.o
 .debug_line    0x00000d4e      0x6da C:\Users\Arvi\Documents\MCUXpressoIDE_10.1.1_606\workspace\lpc_board_nxp_lpcxpresso_1549\Debug\liblpc_board_nxp_lpcxpresso_1549.a(board.o)
 .debug_line    0x00001428      0x59c C:\Users\Arvi\Documents\MCUXpressoIDE_10.1.1_606\workspace\lpc_board_nxp_lpcxpresso_1549\Debug\liblpc_board_nxp_lpcxpresso_1549.a(board_sysinit.o)
 .debug_line    0x000019c4      0x4b6 C:\Users\Arvi\Documents\MCUXpressoIDE_10.1.1_606\workspace\lpc_chip_15xx\Debug\liblpc_chip_15xx.a(chip_15xx.o)
 .debug_line    0x00001e7a      0x70a C:\Users\Arvi\Documents\MCUXpressoIDE_10.1.1_606\workspace\lpc_chip_15xx\Debug\liblpc_chip_15xx.a(clock_15xx.o)
 .debug_line    0x00002584      0x50e C:\Users\Arvi\Documents\MCUXpressoIDE_10.1.1_606\workspace\lpc_chip_15xx\Debug\liblpc_chip_15xx.a(gpio_15xx.o)
 .debug_line    0x00002a92      0x456 C:\Users\Arvi\Documents\MCUXpressoIDE_10.1.1_606\workspace\lpc_chip_15xx\Debug\liblpc_chip_15xx.a(iocon_15xx.o)
 .debug_line    0x00002ee8      0x481 C:\Users\Arvi\Documents\MCUXpressoIDE_10.1.1_606\workspace\lpc_chip_15xx\Debug\liblpc_chip_15xx.a(swm_15xx.o)
 .debug_line    0x00003369      0x4b8 C:\Users\Arvi\Documents\MCUXpressoIDE_10.1.1_606\workspace\lpc_chip_15xx\Debug\liblpc_chip_15xx.a(sysctl_15xx.o)
 .debug_line    0x00003821      0x4eb C:\Users\Arvi\Documents\MCUXpressoIDE_10.1.1_606\workspace\lpc_chip_15xx\Debug\liblpc_chip_15xx.a(sysinit_15xx.o)
 .debug_line    0x00003d0c      0x630 C:\Users\Arvi\Documents\MCUXpressoIDE_10.1.1_606\workspace\lpc_chip_15xx\Debug\liblpc_chip_15xx.a(uart_15xx.o)

.debug_str      0x00000000    0x16de0
 .debug_str     0x00000000    0x12771 ./src/Blank.o
                              0x12a03 (size before relaxing)
 .debug_str     0x00012771      0x21d ./src/cr_startup_lpc15xx.o
                               0x2ab5 (size before relaxing)
 .debug_str     0x0001298e      0x29a ./src/sysinit.o
                              0x121eb (size before relaxing)
 .debug_str     0x00012c28     0x23f4 C:\Users\Arvi\Documents\MCUXpressoIDE_10.1.1_606\workspace\lpc_board_nxp_lpcxpresso_1549\Debug\liblpc_board_nxp_lpcxpresso_1549.a(board.o)
                              0x10091 (size before relaxing)
 .debug_str     0x0001501c      0x88e C:\Users\Arvi\Documents\MCUXpressoIDE_10.1.1_606\workspace\lpc_board_nxp_lpcxpresso_1549\Debug\liblpc_board_nxp_lpcxpresso_1549.a(board_sysinit.o)
                              0x10683 (size before relaxing)
 .debug_str     0x000158aa      0x14b C:\Users\Arvi\Documents\MCUXpressoIDE_10.1.1_606\workspace\lpc_chip_15xx\Debug\liblpc_chip_15xx.a(chip_15xx.o)
                               0xfd30 (size before relaxing)
 .debug_str     0x000159f5      0x89d C:\Users\Arvi\Documents\MCUXpressoIDE_10.1.1_606\workspace\lpc_chip_15xx\Debug\liblpc_chip_15xx.a(clock_15xx.o)
                              0x10140 (size before relaxing)
 .debug_str     0x00016292       0xdf C:\Users\Arvi\Documents\MCUXpressoIDE_10.1.1_606\workspace\lpc_chip_15xx\Debug\liblpc_chip_15xx.a(gpio_15xx.o)
                               0xf7ed (size before relaxing)
 .debug_str     0x00016371       0x41 C:\Users\Arvi\Documents\MCUXpressoIDE_10.1.1_606\workspace\lpc_chip_15xx\Debug\liblpc_chip_15xx.a(iocon_15xx.o)
                               0xf30a (size before relaxing)
 .debug_str     0x000163b2      0x55d C:\Users\Arvi\Documents\MCUXpressoIDE_10.1.1_606\workspace\lpc_chip_15xx\Debug\liblpc_chip_15xx.a(swm_15xx.o)
                               0xfd12 (size before relaxing)
 .debug_str     0x0001690f      0x183 C:\Users\Arvi\Documents\MCUXpressoIDE_10.1.1_606\workspace\lpc_chip_15xx\Debug\liblpc_chip_15xx.a(sysctl_15xx.o)
                               0xf7f7 (size before relaxing)
 .debug_str     0x00016a92      0x13f C:\Users\Arvi\Documents\MCUXpressoIDE_10.1.1_606\workspace\lpc_chip_15xx\Debug\liblpc_chip_15xx.a(sysinit_15xx.o)
                               0xf7e6 (size before relaxing)
 .debug_str     0x00016bd1      0x20f C:\Users\Arvi\Documents\MCUXpressoIDE_10.1.1_606\workspace\lpc_chip_15xx\Debug\liblpc_chip_15xx.a(uart_15xx.o)
                               0xf949 (size before relaxing)

.comment        0x00000000       0x7f
 .comment       0x00000000       0x7f ./src/Blank.o
                                 0x80 (size before relaxing)
 .comment       0x0000007f       0x80 ./src/cr_startup_lpc15xx.o
 .comment       0x0000007f       0x80 ./src/sysinit.o
 .comment       0x0000007f       0x80 C:\Users\Arvi\Documents\MCUXpressoIDE_10.1.1_606\workspace\lpc_board_nxp_lpcxpresso_1549\Debug\liblpc_board_nxp_lpcxpresso_1549.a(board.o)
 .comment       0x0000007f       0x80 C:\Users\Arvi\Documents\MCUXpressoIDE_10.1.1_606\workspace\lpc_board_nxp_lpcxpresso_1549\Debug\liblpc_board_nxp_lpcxpresso_1549.a(board_sysinit.o)
 .comment       0x0000007f       0x80 C:\Users\Arvi\Documents\MCUXpressoIDE_10.1.1_606\workspace\lpc_chip_15xx\Debug\liblpc_chip_15xx.a(chip_15xx.o)
 .comment       0x0000007f       0x80 C:\Users\Arvi\Documents\MCUXpressoIDE_10.1.1_606\workspace\lpc_chip_15xx\Debug\liblpc_chip_15xx.a(clock_15xx.o)
 .comment       0x0000007f       0x80 C:\Users\Arvi\Documents\MCUXpressoIDE_10.1.1_606\workspace\lpc_chip_15xx\Debug\liblpc_chip_15xx.a(gpio_15xx.o)
 .comment       0x0000007f       0x80 C:\Users\Arvi\Documents\MCUXpressoIDE_10.1.1_606\workspace\lpc_chip_15xx\Debug\liblpc_chip_15xx.a(iocon_15xx.o)
 .comment       0x0000007f       0x80 C:\Users\Arvi\Documents\MCUXpressoIDE_10.1.1_606\workspace\lpc_chip_15xx\Debug\liblpc_chip_15xx.a(swm_15xx.o)
 .comment       0x0000007f       0x80 C:\Users\Arvi\Documents\MCUXpressoIDE_10.1.1_606\workspace\lpc_chip_15xx\Debug\liblpc_chip_15xx.a(sysctl_15xx.o)
 .comment       0x0000007f       0x80 C:\Users\Arvi\Documents\MCUXpressoIDE_10.1.1_606\workspace\lpc_chip_15xx\Debug\liblpc_chip_15xx.a(sysinit_15xx.o)
 .comment       0x0000007f       0x80 C:\Users\Arvi\Documents\MCUXpressoIDE_10.1.1_606\workspace\lpc_chip_15xx\Debug\liblpc_chip_15xx.a(uart_15xx.o)

.ARM.attributes
                0x00000000       0x31
 .ARM.attributes
                0x00000000       0x33 ./src/Blank.o
 .ARM.attributes
                0x00000033       0x33 ./src/cr_startup_lpc15xx.o
 .ARM.attributes
                0x00000066       0x33 ./src/sysinit.o
 .ARM.attributes
                0x00000099       0x33 C:\Users\Arvi\Documents\MCUXpressoIDE_10.1.1_606\workspace\lpc_board_nxp_lpcxpresso_1549\Debug\liblpc_board_nxp_lpcxpresso_1549.a(board.o)
 .ARM.attributes
                0x000000cc       0x33 C:\Users\Arvi\Documents\MCUXpressoIDE_10.1.1_606\workspace\lpc_board_nxp_lpcxpresso_1549\Debug\liblpc_board_nxp_lpcxpresso_1549.a(board_sysinit.o)
 .ARM.attributes
                0x000000ff       0x33 C:\Users\Arvi\Documents\MCUXpressoIDE_10.1.1_606\workspace\lpc_chip_15xx\Debug\liblpc_chip_15xx.a(chip_15xx.o)
 .ARM.attributes
                0x00000132       0x33 C:\Users\Arvi\Documents\MCUXpressoIDE_10.1.1_606\workspace\lpc_chip_15xx\Debug\liblpc_chip_15xx.a(clock_15xx.o)
 .ARM.attributes
                0x00000165       0x33 C:\Users\Arvi\Documents\MCUXpressoIDE_10.1.1_606\workspace\lpc_chip_15xx\Debug\liblpc_chip_15xx.a(gpio_15xx.o)
 .ARM.attributes
                0x00000198       0x33 C:\Users\Arvi\Documents\MCUXpressoIDE_10.1.1_606\workspace\lpc_chip_15xx\Debug\liblpc_chip_15xx.a(iocon_15xx.o)
 .ARM.attributes
                0x000001cb       0x33 C:\Users\Arvi\Documents\MCUXpressoIDE_10.1.1_606\workspace\lpc_chip_15xx\Debug\liblpc_chip_15xx.a(swm_15xx.o)
 .ARM.attributes
                0x000001fe       0x33 C:\Users\Arvi\Documents\MCUXpressoIDE_10.1.1_606\workspace\lpc_chip_15xx\Debug\liblpc_chip_15xx.a(sysctl_15xx.o)
 .ARM.attributes
                0x00000231       0x33 C:\Users\Arvi\Documents\MCUXpressoIDE_10.1.1_606\workspace\lpc_chip_15xx\Debug\liblpc_chip_15xx.a(sysinit_15xx.o)
 .ARM.attributes
                0x00000264       0x33 C:\Users\Arvi\Documents\MCUXpressoIDE_10.1.1_606\workspace\lpc_chip_15xx\Debug\liblpc_chip_15xx.a(uart_15xx.o)
 .ARM.attributes
                0x00000297       0x1d c:/nxp/mcuxpressoide_10.1.1_606/ide/tools/bin/../lib/gcc/arm-none-eabi/6.3.1/thumb/v7-m\libgcc.a(_aeabi_uldivmod.o)
 .ARM.attributes
                0x000002b4       0x2d c:/nxp/mcuxpressoide_10.1.1_606/ide/tools/bin/../lib/gcc/arm-none-eabi/6.3.1/thumb/v7-m\libgcc.a(_udivmoddi4.o)
 .ARM.attributes
                0x000002e1       0x1d c:/nxp/mcuxpressoide_10.1.1_606/ide/tools/bin/../lib/gcc/arm-none-eabi/6.3.1/thumb/v7-m\libgcc.a(_dvmd_tls.o)
 .ARM.attributes
                0x000002fe       0x2d c:/nxp/mcuxpressoide_10.1.1_606/ide/tools/bin/../lib/gcc/arm-none-eabi/6.3.1/../../../../arm-none-eabi/lib/thumb/v7-m\libc.a(lib_a-init.o)
 .ARM.attributes
                0x0000032b       0x1d c:/nxp/mcuxpressoide_10.1.1_606/ide/tools/bin/../lib/gcc/arm-none-eabi/6.3.1/thumb/v7-m\crti.o
 .ARM.attributes
                0x00000348       0x1d c:/nxp/mcuxpressoide_10.1.1_606/ide/tools/bin/../lib/gcc/arm-none-eabi/6.3.1/thumb/v7-m\crtn.o
 .ARM.attributes
                0x00000365       0x2d c:/nxp/mcuxpressoide_10.1.1_606/ide/tools/bin/../lib/gcc/arm-none-eabi/6.3.1/thumb/v7-m\crtbegin.o

.debug_frame    0x00000000     0x1530
 .debug_frame   0x00000000       0x2c ./src/Blank.o
 .debug_frame   0x0000002c      0x170 ./src/cr_startup_lpc15xx.o
 .debug_frame   0x0000019c       0x2c ./src/sysinit.o
 .debug_frame   0x000001c8      0x360 C:\Users\Arvi\Documents\MCUXpressoIDE_10.1.1_606\workspace\lpc_board_nxp_lpcxpresso_1549\Debug\liblpc_board_nxp_lpcxpresso_1549.a(board.o)
 .debug_frame   0x00000528      0x14c C:\Users\Arvi\Documents\MCUXpressoIDE_10.1.1_606\workspace\lpc_board_nxp_lpcxpresso_1549\Debug\liblpc_board_nxp_lpcxpresso_1549.a(board_sysinit.o)
 .debug_frame   0x00000674      0x104 C:\Users\Arvi\Documents\MCUXpressoIDE_10.1.1_606\workspace\lpc_chip_15xx\Debug\liblpc_chip_15xx.a(chip_15xx.o)
 .debug_frame   0x00000778      0x4b0 C:\Users\Arvi\Documents\MCUXpressoIDE_10.1.1_606\workspace\lpc_chip_15xx\Debug\liblpc_chip_15xx.a(clock_15xx.o)
 .debug_frame   0x00000c28      0x1b4 C:\Users\Arvi\Documents\MCUXpressoIDE_10.1.1_606\workspace\lpc_chip_15xx\Debug\liblpc_chip_15xx.a(gpio_15xx.o)
 .debug_frame   0x00000ddc       0x5c C:\Users\Arvi\Documents\MCUXpressoIDE_10.1.1_606\workspace\lpc_chip_15xx\Debug\liblpc_chip_15xx.a(iocon_15xx.o)
 .debug_frame   0x00000e38       0xd4 C:\Users\Arvi\Documents\MCUXpressoIDE_10.1.1_606\workspace\lpc_chip_15xx\Debug\liblpc_chip_15xx.a(swm_15xx.o)
 .debug_frame   0x00000f0c      0x124 C:\Users\Arvi\Documents\MCUXpressoIDE_10.1.1_606\workspace\lpc_chip_15xx\Debug\liblpc_chip_15xx.a(sysctl_15xx.o)
 .debug_frame   0x00001030      0x134 C:\Users\Arvi\Documents\MCUXpressoIDE_10.1.1_606\workspace\lpc_chip_15xx\Debug\liblpc_chip_15xx.a(sysinit_15xx.o)
 .debug_frame   0x00001164      0x340 C:\Users\Arvi\Documents\MCUXpressoIDE_10.1.1_606\workspace\lpc_chip_15xx\Debug\liblpc_chip_15xx.a(uart_15xx.o)
 .debug_frame   0x000014a4       0x2c c:/nxp/mcuxpressoide_10.1.1_606/ide/tools/bin/../lib/gcc/arm-none-eabi/6.3.1/thumb/v7-m\libgcc.a(_aeabi_uldivmod.o)
 .debug_frame   0x000014d0       0x34 c:/nxp/mcuxpressoide_10.1.1_606/ide/tools/bin/../lib/gcc/arm-none-eabi/6.3.1/thumb/v7-m\libgcc.a(_udivmoddi4.o)
 .debug_frame   0x00001504       0x2c c:/nxp/mcuxpressoide_10.1.1_606/ide/tools/bin/../lib/gcc/arm-none-eabi/6.3.1/../../../../arm-none-eabi/lib/thumb/v7-m\libc.a(lib_a-init.o)
